MO display_16hex NULL display_16hex.v vlg51/display__16hex.bin 1353897598
MO xvga NULL rh_video_display.v vlg02/xvga.bin 1353897598
MO lab3 NULL rh_video_display.v vlg52/lab3.bin 1353897598
MO debounce NULL rh_video_display.v vlg1D/debounce.bin 1353897598
MO counter NULL counter.v vlg10/counter.bin 1353897598
MO font_rom NULL font_rom.v vlg6C/font__rom.bin 1353897598
MO char_string_display NULL cstringdisp.v vlg41/char__string__display.bin 1353897598
MO blob NULL blob.v vlg73/blob.bin 1353897598
MO rh_display NULL rh_video_display.v vlg33/rh__display.bin 1353897598
