--------------------------------------------------------------------------------
Release 10.1.03 Trace  (lin64)
Copyright (c) 1995-2008 Xilinx, Inc.  All rights reserved.

/afs/csail.mit.edu/proj/redsocs/Xilinx10.1/ISE/bin/lin64/unwrapped/trce -ise
/afs/athena.mit.edu/user/p/w/pwh/Desktop/6.111/Recorder-Hero/src/pwh_lab/rh_video_display/rh_video_display.ise
-intstyle ise -v 3 -s 4 -xml lab3 lab3.ncd -o lab3.twr lab3.pcf -ucf labkit.ucf

Design file:              lab3.ncd
Physical constraint file: lab3.pcf
Device,package,speed:     xc2v6000,bf957,-4 (PRODUCTION 1.121 2008-07-25, STEPPING level 0)
Report level:             verbose report

Environment Variable      Effect 
--------------------      ------ 
NONE                      No environment variables were set
--------------------------------------------------------------------------------

INFO:Timing:2698 - No timing constraints found, doing default enumeration.
INFO:Timing:2752 - To get complete path coverage, use the unconstrained paths 
   option. All paths that are not constrained will be reported in the 
   unconstrained paths section(s) of the report.
INFO:Timing:3339 - The clock-to-out numbers in this timing report are based on 
   a 50 Ohm transmission line loading model.  For the details of this model, 
   and for more information on accounting for different loading conditions, 
   please see the device datasheet.



Data Sheet report:
-----------------
All values displayed in nanoseconds (ns)

Setup/Hold to clock clock_27mhz
------------+------------+------------+------------------+--------+
            |  Setup to  |  Hold to   |                  | Clock  |
Source      | clk (edge) | clk (edge) |Internal Clock(s) | Phase  |
------------+------------+------------+------------------+--------+
button_down |    1.740(R)|   -0.056(R)|clock_65mhz       |   0.000|
button_enter|    1.579(R)|    0.836(R)|clock_65mhz       |   0.000|
button_up   |    3.212(R)|   -1.149(R)|clock_65mhz       |   0.000|
switch<0>   |    7.298(R)|   -3.795(R)|clock_65mhz       |   0.000|
switch<1>   |   11.752(R)|   -8.899(R)|clock_65mhz       |   0.000|
------------+------------+------------+------------------+--------+

Clock clock_27mhz to Pad
----------------+------------+------------------+--------+
                | clk (edge) |                  | Clock  |
Destination     |   to PAD   |Internal Clock(s) | Phase  |
----------------+------------+------------------+--------+
disp_clock      |   11.349(R)|clock_65mhz       |   0.000|
led<2>          |   18.687(R)|clock_65mhz       |   0.000|
led<3>          |   15.003(R)|clock_65mhz       |   0.000|
led<4>          |   15.163(R)|clock_65mhz       |   0.000|
vga_out_blank_b |   13.824(R)|clock_65mhz       |   0.000|
vga_out_blue<0> |   15.338(R)|clock_65mhz       |   0.000|
vga_out_blue<1> |   15.349(R)|clock_65mhz       |   0.000|
vga_out_blue<2> |   14.860(R)|clock_65mhz       |   0.000|
vga_out_blue<3> |   14.087(R)|clock_65mhz       |   0.000|
vga_out_blue<4> |   13.456(R)|clock_65mhz       |   0.000|
vga_out_blue<5> |   13.753(R)|clock_65mhz       |   0.000|
vga_out_blue<6> |   13.224(R)|clock_65mhz       |   0.000|
vga_out_blue<7> |   12.915(R)|clock_65mhz       |   0.000|
vga_out_green<0>|   15.388(R)|clock_65mhz       |   0.000|
vga_out_green<1>|   18.185(R)|clock_65mhz       |   0.000|
vga_out_green<2>|   16.609(R)|clock_65mhz       |   0.000|
vga_out_green<3>|   16.002(R)|clock_65mhz       |   0.000|
vga_out_green<4>|   20.046(R)|clock_65mhz       |   0.000|
vga_out_green<5>|   18.827(R)|clock_65mhz       |   0.000|
vga_out_green<6>|   19.739(R)|clock_65mhz       |   0.000|
vga_out_green<7>|   18.189(R)|clock_65mhz       |   0.000|
vga_out_hsync   |   12.828(R)|clock_65mhz       |   0.000|
vga_out_red<0>  |   14.537(R)|clock_65mhz       |   0.000|
vga_out_red<1>  |   14.433(R)|clock_65mhz       |   0.000|
vga_out_red<2>  |   14.848(R)|clock_65mhz       |   0.000|
vga_out_red<3>  |   14.841(R)|clock_65mhz       |   0.000|
vga_out_red<4>  |   16.387(R)|clock_65mhz       |   0.000|
vga_out_red<5>  |   15.132(R)|clock_65mhz       |   0.000|
vga_out_red<6>  |   16.677(R)|clock_65mhz       |   0.000|
vga_out_red<7>  |   15.453(R)|clock_65mhz       |   0.000|
vga_out_vsync   |   13.391(R)|clock_65mhz       |   0.000|
----------------+------------+------------------+--------+

Clock to Setup on destination clock clock_27mhz
---------------+---------+---------+---------+---------+
               | Src:Rise| Src:Fall| Src:Rise| Src:Fall|
Source Clock   |Dest:Rise|Dest:Rise|Dest:Fall|Dest:Fall|
---------------+---------+---------+---------+---------+
clock_27mhz    |   10.028|         |         |         |
---------------+---------+---------+---------+---------+

Pad to Pad
---------------+-------------------+---------+
Source Pad     |Destination Pad    |  Delay  |
---------------+-------------------+---------+
clock_27mhz    |vga_out_pixel_clock|   11.459|
switch<0>      |led<0>             |    6.389|
switch<1>      |led<1>             |    6.840|
---------------+-------------------+---------+


Analysis completed Sun Nov 25 21:41:41 2012 
--------------------------------------------------------------------------------

Trace Settings:
-------------------------
Trace Settings 

Peak Memory Usage: 366 MB



