--------------------------------------------------------------------------------
Release 10.1.03 Trace  (lin64)
Copyright (c) 1995-2008 Xilinx, Inc.  All rights reserved.

/afs/csail.mit.edu/proj/redsocs/Xilinx10.1/ISE/bin/lin64/unwrapped/trce -ise
/afs/athena.mit.edu/user/p/w/pwh/rh2/src/pwh_lab/rh_video_display/rh_video_display.ise
-intstyle ise -v 3 -s 4 -xml lab3 lab3.ncd -o lab3.twr lab3.pcf -ucf labkit.ucf

Design file:              lab3.ncd
Physical constraint file: lab3.pcf
Device,package,speed:     xc2v6000,bf957,-4 (PRODUCTION 1.121 2008-07-25, STEPPING level 0)
Report level:             verbose report

Environment Variable      Effect 
--------------------      ------ 
NONE                      No environment variables were set
--------------------------------------------------------------------------------

INFO:Timing:2698 - No timing constraints found, doing default enumeration.
INFO:Timing:2752 - To get complete path coverage, use the unconstrained paths 
   option. All paths that are not constrained will be reported in the 
   unconstrained paths section(s) of the report.
INFO:Timing:3339 - The clock-to-out numbers in this timing report are based on 
   a 50 Ohm transmission line loading model.  For the details of this model, 
   and for more information on accounting for different loading conditions, 
   please see the device datasheet.



Data Sheet report:
-----------------
All values displayed in nanoseconds (ns)

Setup/Hold to clock clock_27mhz
------------+------------+------------+------------------+--------+
            |  Setup to  |  Hold to   |                  | Clock  |
Source      | clk (edge) | clk (edge) |Internal Clock(s) | Phase  |
------------+------------+------------+------------------+--------+
button_down |    3.477(R)|   -1.302(R)|clock_65mhz       |   0.000|
button_enter|    2.379(R)|   -0.107(R)|clock_65mhz       |   0.000|
button_up   |    2.254(R)|    0.116(R)|clock_65mhz       |   0.000|
switch<0>   |    4.087(R)|   -2.068(R)|clock_65mhz       |   0.000|
switch<1>   |    7.752(R)|   -5.063(R)|clock_65mhz       |   0.000|
switch<7>   |    0.811(R)|    0.335(R)|clock_65mhz       |   0.000|
------------+------------+------------+------------------+--------+

Clock clock_27mhz to Pad
----------------+------------+------------------+--------+
                | clk (edge) |                  | Clock  |
Destination     |   to PAD   |Internal Clock(s) | Phase  |
----------------+------------+------------------+--------+
disp_clock      |   11.873(R)|clock_65mhz       |   0.000|
led<2>          |   17.244(R)|clock_65mhz       |   0.000|
led<3>          |   14.266(R)|clock_65mhz       |   0.000|
led<4>          |   13.360(R)|clock_65mhz       |   0.000|
vga_out_blank_b |   13.668(R)|clock_65mhz       |   0.000|
vga_out_blue<0> |   13.807(R)|clock_65mhz       |   0.000|
vga_out_blue<1> |   13.818(R)|clock_65mhz       |   0.000|
vga_out_blue<2> |   14.125(R)|clock_65mhz       |   0.000|
vga_out_blue<3> |   14.291(R)|clock_65mhz       |   0.000|
vga_out_blue<4> |   14.281(R)|clock_65mhz       |   0.000|
vga_out_blue<5> |   14.578(R)|clock_65mhz       |   0.000|
vga_out_blue<6> |   16.096(R)|clock_65mhz       |   0.000|
vga_out_blue<7> |   16.395(R)|clock_65mhz       |   0.000|
vga_out_green<0>|   14.230(R)|clock_65mhz       |   0.000|
vga_out_green<1>|   15.066(R)|clock_65mhz       |   0.000|
vga_out_green<2>|   15.144(R)|clock_65mhz       |   0.000|
vga_out_green<3>|   12.395(R)|clock_65mhz       |   0.000|
vga_out_green<4>|   15.511(R)|clock_65mhz       |   0.000|
vga_out_green<5>|   15.400(R)|clock_65mhz       |   0.000|
vga_out_green<6>|   14.597(R)|clock_65mhz       |   0.000|
vga_out_green<7>|   15.190(R)|clock_65mhz       |   0.000|
vga_out_hsync   |   12.967(R)|clock_65mhz       |   0.000|
vga_out_red<0>  |   14.467(R)|clock_65mhz       |   0.000|
vga_out_red<1>  |   14.878(R)|clock_65mhz       |   0.000|
vga_out_red<2>  |   14.778(R)|clock_65mhz       |   0.000|
vga_out_red<3>  |   15.488(R)|clock_65mhz       |   0.000|
vga_out_red<4>  |   15.162(R)|clock_65mhz       |   0.000|
vga_out_red<5>  |   15.586(R)|clock_65mhz       |   0.000|
vga_out_red<6>  |   15.452(R)|clock_65mhz       |   0.000|
vga_out_red<7>  |   15.659(R)|clock_65mhz       |   0.000|
vga_out_vsync   |   13.038(R)|clock_65mhz       |   0.000|
----------------+------------+------------------+--------+

Clock to Setup on destination clock clock_27mhz
---------------+---------+---------+---------+---------+
               | Src:Rise| Src:Fall| Src:Rise| Src:Fall|
Source Clock   |Dest:Rise|Dest:Rise|Dest:Fall|Dest:Fall|
---------------+---------+---------+---------+---------+
clock_27mhz    |   15.551|         |         |         |
---------------+---------+---------+---------+---------+

Pad to Pad
---------------+-------------------+---------+
Source Pad     |Destination Pad    |  Delay  |
---------------+-------------------+---------+
clock_27mhz    |vga_out_pixel_clock|   11.459|
switch<0>      |led<0>             |    6.389|
switch<1>      |led<1>             |    6.840|
---------------+-------------------+---------+


Analysis completed Fri Nov 30 17:07:57 2012 
--------------------------------------------------------------------------------

Trace Settings:
-------------------------
Trace Settings 

Peak Memory Usage: 377 MB



