/afs/athena.mit.edu/user/p/w/pwh/rh2/src/pwh_lab/rh_video_display/fft.ngc 1355101266
/afs/athena.mit.edu/user/p/w/pwh/rh2/src/pwh_lab/rh_video_display/greensleeves.ngc 1355100344
/afs/athena.mit.edu/user/p/w/pwh/rh2/src/pwh_lab/rh_video_display/when_the_saints.ngc 1355094460
/afs/athena.mit.edu/user/p/w/pwh/rh2/src/pwh_lab/rh_video_display/lotr_song.ngc 1355013005
/afs/athena.mit.edu/user/p/w/pwh/rh2/src/pwh_lab/rh_video_display/song_scales.ngc 1354591515
/afs/athena.mit.edu/user/p/w/pwh/rh2/src/pwh_lab/rh_video_display/note_letters_bmp.ngc 1354243692
/afs/athena.mit.edu/user/p/w/pwh/rh2/src/pwh_lab/rh_video_display/font_rom.edn 1354240031
/afs/athena.mit.edu/user/p/w/pwh/rh2/src/pwh_lab/rh_video_display/bono_green.ngc 1354855344
/afs/athena.mit.edu/user/p/w/pwh/rh2/src/pwh_lab/rh_video_display/bono_red.ngc 1354855283
/afs/athena.mit.edu/user/p/w/pwh/rh2/src/pwh_lab/rh_video_display/bono_blue.ngc 1354855227
/afs/athena.mit.edu/user/p/w/pwh/rh2/src/pwh_lab/rh_video_display/my_fft.ngc 1355081739
/afs/athena.mit.edu/user/p/w/pwh/rh2/src/pwh_lab/rh_video_display/cache.ngc 1355081880
OK
